[backblue.gif]
[fade.gif]
[index.html]
[www-ee.eng.hawaii.edu/_alek/index.html]
[www-ee.eng.hawaii.edu/_alek/imgs/top1.jpg]
[www-ee.eng.hawaii.edu/_alek/imgs/top2.jpg]
[www-ee.eng.hawaii.edu/_alek/imgs/UH_Seal.jpg]
[www-ee.eng.hawaii.edu/_alek/imgs/A1.gif]
[www-ee.eng.hawaii.edu/_alek/top.html]
[www-ee.eng.hawaii.edu/_alek/left.html]
[www-ee.eng.hawaii.edu/_alek/imgs/main1.jpg]
[www-ee.eng.hawaii.edu/_alek/main.html]
[www-ee.eng.hawaii.edu/_alek/Alek.jpg]
[www-ee.eng.hawaii.edu/_alek/bottom.html]
[www-ee.eng.hawaii.edu/_alek/alek.css]
[www-ee.eng.hawaii.edu/_alek/cv.html]
[www-ee.eng.hawaii.edu/_alek/research.html]
[www-ee.eng.hawaii.edu/_alek/imgs/bottom1.jpg]
[www-ee.eng.hawaii.edu/_alek/class_handouts/Syllabus.pdf]
[www-ee.eng.hawaii.edu/_alek/imgs/pdf.gif]
[www-ee.eng.hawaii.edu/_alek/class_handouts/HW1.pdf]
[www-ee.eng.hawaii.edu/_alek/class_handouts/HW1_sol.pdf]
[www-ee.eng.hawaii.edu/_alek/class_handouts/HW2.pdf]
[www-ee.eng.hawaii.edu/_alek/class_handouts/HW2_sol.pdf]
[www-ee.eng.hawaii.edu/_alek/class_handouts/HW3.pdf]
[www-ee.eng.hawaii.edu/_alek/class_handouts/HW3_sol.pdf]
[www-ee.eng.hawaii.edu/_alek/class_handouts/HW4.pdf]
[www-ee.eng.hawaii.edu/_alek/class_handouts/HW4_sol.pdf]
[www-ee.eng.hawaii.edu/_alek/class_handouts/HW5.pdf]
[www-ee.eng.hawaii.edu/_alek/class_handouts/HW5_sol.pdf]
[www-ee.eng.hawaii.edu/_alek/class_handouts/MT1_sol.pdf]
[www-ee.eng.hawaii.edu/_alek/class_handouts/HW6.pdf]
[www-ee.eng.hawaii.edu/_alek/class_handouts/HW6_sol.pdf]
[www-ee.eng.hawaii.edu/_alek/class_handouts/HW7.pdf]
[www-ee.eng.hawaii.edu/_alek/class_handouts/HW7_sol.pdf]
[www-ee.eng.hawaii.edu/_alek/class_handouts/HW8.pdf]
[www-ee.eng.hawaii.edu/_alek/class_handouts/HW8_sol.pdf]
[www-ee.eng.hawaii.edu/_alek/class_handouts/HW9.pdf]
[www-ee.eng.hawaii.edu/_alek/class_handouts/HW9_sol.pdf]
[www-ee.eng.hawaii.edu/_alek/class_handouts/HW10.pdf]
[www-ee.eng.hawaii.edu/_alek/class_handouts/HW10_sol.pdf]
[www-ee.eng.hawaii.edu/_alek/class_handouts/HW11.pdf]
[www-ee.eng.hawaii.edu/_alek/classes.html]
[www-ee.eng.hawaii.edu/_alek/ee615_handouts/Syllabus.pdf]
[www-ee.eng.hawaii.edu/_alek/ee615_handouts/HW1.pdf]
[www-ee.eng.hawaii.edu/_alek/ee615_handouts/Sol_HW1.pdf]
[www-ee.eng.hawaii.edu/_alek/ee615_handouts/HW2.pdf]
[www-ee.eng.hawaii.edu/_alek/ee615_handouts/Sol_HW2.pdf]
[www-ee.eng.hawaii.edu/_alek/ee615_handouts/HW3.pdf]
[www-ee.eng.hawaii.edu/_alek/ee615_handouts/Sol_HW3.pdf]
[www-ee.eng.hawaii.edu/_alek/ee615_handouts/HW4.pdf]
[www-ee.eng.hawaii.edu/_alek/ee615_handouts/Sol_HW4.pdf]
[www-ee.eng.hawaii.edu/_alek/ee615_handouts/HW5.pdf]
[www-ee.eng.hawaii.edu/_alek/ee615_handouts/Sol_HW5.pdf]
[www-ee.eng.hawaii.edu/_alek/ee615_handouts/HW6.pdf]
[www-ee.eng.hawaii.edu/_alek/ee615_handouts/Sol_HW6.pdf]
[www-ee.eng.hawaii.edu/_alek/ee615_handouts/HW7.pdf]
[www-ee.eng.hawaii.edu/_alek/ee615.html]
[www-ee.eng.hawaii.edu/_alek/publications.html]
[www-ee.eng.hawaii.edu/_alek/contact.html]
[www-ee.eng.hawaii.edu/_alek/class_handouts/HW9_sol.pdf]
[www-ee.eng.hawaii.edu/_alek/class_handouts/HW10_sol.pdf]
[www-ee.eng.hawaii.edu/_alek/ee615_handouts/Sol_HW1.pdf]
[www-ee.eng.hawaii.edu/_alek/ee615_handouts/Sol_HW2.pdf]
[www-ee.eng.hawaii.edu/_alek/imgs/ps.gif]
[www-ee.eng.hawaii.edu/_alek/books.html]
[www-ee.eng.hawaii.edu/_alek/recent.html]
[www-ee.eng.hawaii.edu/_alek/Archive/2016/MKM2016.pdf]
[www-ee.eng.hawaii.edu/_alek/Archive/1994/94.pdf]
[www-ee.eng.hawaii.edu/_alek/Archive/2014/tit2014y.pdf]
[www-ee.eng.hawaii.edu/_alek/Archive/2014/Allerton2014.pdf]
[www-ee.eng.hawaii.edu/_alek/Archive/2014/tmag14.pdf]
[www-ee.eng.hawaii.edu/_alek/Archive/2014/isit14.pdf]
[www-ee.eng.hawaii.edu/_alek/Archive/2014/icc14.pdf]
[www-ee.eng.hawaii.edu/_alek/Archive/2014/jsac14.pdf]
[www-ee.eng.hawaii.edu/_alek/Archive/2014/tsip14.pdf]
[www-ee.eng.hawaii.edu/_alek/Archive/2013/ijasm13.pdf]
[www-ee.eng.hawaii.edu/_alek/Archive/2013/icassp2013.pdf]
[www-ee.eng.hawaii.edu/_alek/Archive/2013/tit2013.pdf]
[www-ee.eng.hawaii.edu/_alek/Archive/2013/e2013.pdf]
[www-ee.eng.hawaii.edu/_alek/Archive/2013/icn2013m.pdf]
[www-ee.eng.hawaii.edu/_alek/Archive/2013/icn2013x.pdf]
[www-ee.eng.hawaii.edu/_alek/Archive/2012/sgc2012.pdf]
[www-ee.eng.hawaii.edu/_alek/Archive/2012/tit2012.pdf]
[www-ee.eng.hawaii.edu/_alek/Archive/2011/CIM2011.pdf]
[www-ee.eng.hawaii.edu/_alek/Archive/2011/IJCNN2011.pdf]
[www-ee.eng.hawaii.edu/_alek/Archive/2011/ISIT2011b.pdf]
[www-ee.eng.hawaii.edu/_alek/Archive/2011/ISIT2011a.pdf]
[www-ee.eng.hawaii.edu/_alek/Archive/2010/APSIPA2010.pdf]
[www-ee.eng.hawaii.edu/_alek/Archive/2010/IT2010LKF.pdf]
[www-ee.eng.hawaii.edu/_alek/Archive/2010/ISIT2010a.pdf]
[www-ee.eng.hawaii.edu/_alek/Archive/2010/ISIT2010b.pdf]
[www-ee.eng.hawaii.edu/_alek/Archive/2010/ISIT2010c.pdf]
[www-ee.eng.hawaii.edu/_alek/Archive/2010/ICC2010.pdf]
[www-ee.eng.hawaii.edu/_alek/Archive/2010/TComm2010.pdf]
[www-ee.eng.hawaii.edu/_alek/Archive/2010/bk1.pdf]
[www-ee.eng.hawaii.edu/_alek/Archive/2010/bk2.pdf]
[www-ee.eng.hawaii.edu/_alek/Archive/2010/KHVRE.pdf]
[www-ee.eng.hawaii.edu/_alek/Archive/2010/JSAC2010.pdf]
[www-ee.eng.hawaii.edu/_alek/Archive/2009/TMAG09.pdf]
[www-ee.eng.hawaii.edu/_alek/Archive/2009/ISIT09.pdf]
[www-ee.eng.hawaii.edu/_alek/Archive/2009/ICASSP09.pdf]
[www-ee.eng.hawaii.edu/_alek/Archive/2009/C54.pdf]
[www-ee.eng.hawaii.edu/_alek/Archive/2008/J36.pdf]
[www-ee.eng.hawaii.edu/_alek/Archive/2008/ProcIEEE08.pdf]
[www-ee.eng.hawaii.edu/_alek/Archive/2008/J34.pdf]
[www-ee.eng.hawaii.edu/_alek/Archive/2008/C53.pdf]
[www-ee.eng.hawaii.edu/_alek/Archive/2008/C51.pdf]
[www-ee.eng.hawaii.edu/_alek/Archive/2008/C52.pdf]
[www-ee.eng.hawaii.edu/_alek/Archive/2008/J33.pdf]
[www-ee.eng.hawaii.edu/_alek/Archive/2008/J32.pdf]
[www-ee.eng.hawaii.edu/_alek/Archive/2007/J31.pdf]
[www-ee.eng.hawaii.edu/_alek/Archive/2007/C49.pdf]
[www-ee.eng.hawaii.edu/_alek/Archive/2007/C48.pdf]
[www-ee.eng.hawaii.edu/_alek/Archive/2007/C44.pdf]
[www-ee.eng.hawaii.edu/_alek/Archive/2007/C45.pdf]
[www-ee.eng.hawaii.edu/_alek/Archive/2007/J30.pdf]
[www-ee.eng.hawaii.edu/_alek/Archive/2007/J29.pdf]
[www-ee.eng.hawaii.edu/_alek/Archive/2007/C47.pdf]
[www-ee.eng.hawaii.edu/_alek/Archive/2007/J28.pdf]
[www-ee.eng.hawaii.edu/_alek/Archive/2006/C46.pdf]
[www-ee.eng.hawaii.edu/_alek/Archive/2006/J27.pdf]
[www-ee.eng.hawaii.edu/_alek/Archive/2006/C43.pdf]
[www-ee.eng.hawaii.edu/_alek/Archive/2006/C42.pdf]
[www-ee.eng.hawaii.edu/_alek/Archive/2006/J26.pdf]
[www-ee.eng.hawaii.edu/_alek/Archive/2006/J25.pdf]
[www-ee.eng.hawaii.edu/_alek/Archive/2006/J24.pdf]
[www-ee.eng.hawaii.edu/_alek/Archive/2005/C41.pdf]
[www-ee.eng.hawaii.edu/_alek/Archive/2005/isit05.pdf]
[www-ee.eng.hawaii.edu/_alek/Archive/2005/tmrc05.pdf]
[www-ee.eng.hawaii.edu/_alek/Archive/2005/J23.pdf]
[www-ee.eng.hawaii.edu/_alek/Archive/2005/tit05k.pdf]
[www-ee.eng.hawaii.edu/_alek/Archive/2005/tit05y.ps]
[www-ee.eng.hawaii.edu/_alek/Archive/2005/tit05y.pdf]
[www-ee.eng.hawaii.edu/_alek/Archive/2005/tit05z.ps]
[www-ee.eng.hawaii.edu/_alek/Archive/2005/tit05z.pdf]
[www-ee.eng.hawaii.edu/_alek/Archive/2004/isita04.ps]
[www-ee.eng.hawaii.edu/_alek/Archive/2004/isita04.pdf]
[www-ee.eng.hawaii.edu/_alek/Archive/2004/gmc04.ps]
[www-ee.eng.hawaii.edu/_alek/Archive/2004/gmc04.pdf]
[www-ee.eng.hawaii.edu/_alek/Archive/2004/vtc04j.ps]
[www-ee.eng.hawaii.edu/_alek/Archive/2004/vtc04j.pdf]
[www-ee.eng.hawaii.edu/_alek/Archive/2004/isit04y.ps]
[www-ee.eng.hawaii.edu/_alek/Archive/2004/isit04y.pdf]
[www-ee.eng.hawaii.edu/_alek/Archive/2004/isit04m.ps]
[www-ee.eng.hawaii.edu/_alek/Archive/2004/isit04m.pdf]
[www-ee.eng.hawaii.edu/_alek/Archive/2004/isit04k.ps]
[www-ee.eng.hawaii.edu/_alek/Archive/2004/isit04k.pdf]
[www-ee.eng.hawaii.edu/_alek/Archive/2004/iscas04.ps]
[www-ee.eng.hawaii.edu/_alek/Archive/2004/iscas04.pdf]
[www-ee.eng.hawaii.edu/_alek/Archive/2003/JCN_final.ps]
[www-ee.eng.hawaii.edu/_alek/Archive/2003/JCN_final.pdf]
[www-ee.eng.hawaii.edu/_alek/Archive/2003/vtc_multipath.ps]
[www-ee.eng.hawaii.edu/_alek/Archive/2003/vtc_multipath.pdf]
[www-ee.eng.hawaii.edu/_alek/Archive/2003/vtc_path_loss.ps]
[www-ee.eng.hawaii.edu/_alek/Archive/2003/vtc_path_loss.pdf]
[www-ee.eng.hawaii.edu/_alek/Archive/2003/tm03y.ps]
[www-ee.eng.hawaii.edu/_alek/Archive/2003/tm03y.pdf]
[www-ee.eng.hawaii.edu/_alek/Archive/2003/tm03z.ps]
[www-ee.eng.hawaii.edu/_alek/Archive/2003/tm03z.pdf]
[www-ee.eng.hawaii.edu/_alek/Archive/2003/it02.ps]
[www-ee.eng.hawaii.edu/_alek/Archive/2003/it02.pdf]
[www-ee.eng.hawaii.edu/_alek/Archive/2003/isit03a.ps]
[www-ee.eng.hawaii.edu/_alek/Archive/2003/isit03a.pdf]
[www-ee.eng.hawaii.edu/_alek/Archive/2003/isit03y.ps]
[www-ee.eng.hawaii.edu/_alek/Archive/2003/isit03y.pdf]
[www-ee.eng.hawaii.edu/_alek/Archive/2003/isit03z.ps]
[www-ee.eng.hawaii.edu/_alek/Archive/2003/isit03z.pdf]
[www-ee.eng.hawaii.edu/_alek/Archive/2003/isit03m.ps]
[www-ee.eng.hawaii.edu/_alek/Archive/2003/isit03m.pdf]
[www-ee.eng.hawaii.edu/_alek/Archive/2003/isit03b.ps]
[www-ee.eng.hawaii.edu/_alek/Archive/2003/isit03b.pdf]
[www-ee.eng.hawaii.edu/_alek/Archive/2003/cl03.ps]
[www-ee.eng.hawaii.edu/_alek/Archive/2003/cl03.pdf]
[www-ee.eng.hawaii.edu/_alek/Archive/2003/it03a.ps]
[www-ee.eng.hawaii.edu/_alek/Archive/2003/it03a.pdf]
[www-ee.eng.hawaii.edu/_alek/Archive/2002/gl02.ps]
[www-ee.eng.hawaii.edu/_alek/Archive/2002/gl02.pdf]
[www-ee.eng.hawaii.edu/_alek/Archive/2002/as02.ps]
[www-ee.eng.hawaii.edu/_alek/Archive/2002/as02.pdf]
[www-ee.eng.hawaii.edu/_alek/Archive/2002/isita02.ps]
[www-ee.eng.hawaii.edu/_alek/Archive/2002/isita02.pdf]
[www-ee.eng.hawaii.edu/_alek/Archive/2002/al02.pdf]
[www-ee.eng.hawaii.edu/_alek/Archive/2002/tm02.ps]
[www-ee.eng.hawaii.edu/_alek/Archive/2002/tm02.pdf]
[www-ee.eng.hawaii.edu/_alek/Archive/2002/mtns02.ps]
[www-ee.eng.hawaii.edu/_alek/Archive/2002/mtns02.pdf]
[www-ee.eng.hawaii.edu/_alek/Archive/2002/isit02m.ps]
[www-ee.eng.hawaii.edu/_alek/Archive/2002/isit02m.pdf]
[www-ee.eng.hawaii.edu/_alek/Archive/2002/isit02v.ps]
[www-ee.eng.hawaii.edu/_alek/Archive/2002/isit02v.pdf]
[www-ee.eng.hawaii.edu/_alek/Archive/2002/isit02y.ps]
[www-ee.eng.hawaii.edu/_alek/Archive/2002/isit02y.pdf]
[www-ee.eng.hawaii.edu/_alek/Archive/2002/icassp02.ps]
[www-ee.eng.hawaii.edu/_alek/Archive/2002/icassp02.pdf]
[www-ee.eng.hawaii.edu/_alek/Archive/2002/icc02.ps]
[www-ee.eng.hawaii.edu/_alek/Archive/2002/icc02.pdf]
[www-ee.eng.hawaii.edu/_alek/Archive/2001/gc01.ps]
[www-ee.eng.hawaii.edu/_alek/Archive/2001/gc01.pdf]
[www-ee.eng.hawaii.edu/_alek/Archive/2001/al01.ps]
[www-ee.eng.hawaii.edu/_alek/Archive/2001/al01.pdf]
[www-ee.eng.hawaii.edu/_alek/Archive/2001/tm01.ps]
[www-ee.eng.hawaii.edu/_alek/Archive/2001/tm01.pdf]
[www-ee.eng.hawaii.edu/_alek/Archive/2001/isit01.ps]
[www-ee.eng.hawaii.edu/_alek/Archive/2001/isit01.pdf]
[www-ee.eng.hawaii.edu/_alek/Archive/2001/jin01.ps]
[www-ee.eng.hawaii.edu/_alek/Archive/2001/jin01.pdf]
[www-ee.eng.hawaii.edu/_alek/Archive/2001/jsac01.ps]
[www-ee.eng.hawaii.edu/_alek/Archive/2001/jsac01.pdf]
[www-ee.eng.hawaii.edu/_alek/Archive/2000/it00a.ps]
[www-ee.eng.hawaii.edu/_alek/Archive/2000/it00a.pdf]
[www-ee.eng.hawaii.edu/_alek/Archive/2000/it00.ps]
[www-ee.eng.hawaii.edu/_alek/Archive/2000/it00.pdf]
[www-ee.eng.hawaii.edu/_alek/Archive/2000/arnold00.ps]
[www-ee.eng.hawaii.edu/_alek/Archive/2000/arnold00.pdf]
[www-ee.eng.hawaii.edu/_alek/Archive/1999/tm99.ps]
[www-ee.eng.hawaii.edu/_alek/Archive/1999/tm99.pdf]
[www-ee.eng.hawaii.edu/_alek/Archive/1999/gl99.ps]
[www-ee.eng.hawaii.edu/_alek/Archive/1999/gl99.pdf]
[www-ee.eng.hawaii.edu/_alek/Archive/1999/gl99a.ps]
[www-ee.eng.hawaii.edu/_alek/Archive/1999/gl99a.pdf]
[www-ee.eng.hawaii.edu/_alek/Archive/1999/itw99.ps]
[www-ee.eng.hawaii.edu/_alek/Archive/1999/itw99.pdf]
[www-ee.eng.hawaii.edu/_alek/Archive/1998/tm98.ps]
[www-ee.eng.hawaii.edu/_alek/Archive/1998/tm98.pdf]
[www-ee.eng.hawaii.edu/_alek/Archive/1998/isit98.ps]
[www-ee.eng.hawaii.edu/_alek/Archive/1998/isit98.pdf]
[www-ee.eng.hawaii.edu/_alek/Archive/1998/icc98.ps]
[www-ee.eng.hawaii.edu/_alek/Archive/1998/icc98.pdf]
[www-ee.eng.hawaii.edu/_alek/Archive/1997/tm97.ps]
[www-ee.eng.hawaii.edu/_alek/Archive/1997/tm97.pdf]
[www-ee.eng.hawaii.edu/_alek/Archive/1997/tm97a.ps]
[www-ee.eng.hawaii.edu/_alek/Archive/1997/tm97a.pdf]
[www-ee.eng.hawaii.edu/_alek/Archive/1996/vlsi96.ps]
[www-ee.eng.hawaii.edu/_alek/Archive/1996/vlsi96.pdf]
[www-ee.eng.hawaii.edu/_alek/Archive/1996/tm96.ps]
[www-ee.eng.hawaii.edu/_alek/Archive/1996/tm96.pdf]
[www-ee.eng.hawaii.edu/_alek/Archive/1996/sp96.ps]
[www-ee.eng.hawaii.edu/_alek/Archive/1996/sp96.pdf]
[www-ee.eng.hawaii.edu/_alek/Archive/1996/gl96.ps]
[www-ee.eng.hawaii.edu/_alek/Archive/1996/gl96.pdf]
[www-ee.eng.hawaii.edu/_alek/Archive/1995/spie95m.ps]
[www-ee.eng.hawaii.edu/_alek/Archive/1995/spie95m.pdf]
[www-ee.eng.hawaii.edu/_alek/Archive/1995/spie95.ps]
[www-ee.eng.hawaii.edu/_alek/Archive/1995/spie95.pdf]
[www-ee.eng.hawaii.edu/_alek/archive.html]
[www-ee.eng.hawaii.edu/_alek/papers/unavailable.html]
[www-ee.eng.hawaii.edu/_alek/Archive/2013/tit2013.pdf]
[www-ee.eng.hawaii.edu/_alek/Archive/2012/tit2012.pdf]
[www-ee.eng.hawaii.edu/_alek/Archive/2011/CIM2011.pdf]
